NEON//WIRE SECURITY LOG
=======================

AUTHENTICATION SERVICE: NWS-AUTH/3.7
NODE: NW-042
STATUS: OPERATIONAL

[2026-09-20 14:32:11]

IDENTITY: root_ops
REQUEST: AUTHENTICATION

NODE CLOCK: 1790256731
CHALLENGE: 1790256748

RESULT: ACCEPTED


[2026-09-20 14:35:47]

IDENTITY: root_ops
REQUEST: AUTHENTICATION

NODE CLOCK: 1790256947
CHALLENGE: 1790256964

RESULT: ACCEPTED


[2026-09-21 09:14:22]

IDENTITY: root_ops
REQUEST: AUTHENTICATION

NODE CLOCK: 1790324062
CHALLENGE: 1790324079

RESULT: ACCEPTED


[2026-09-21 09:19:03]

IDENTITY: root_ops
REQUEST: AUTHENTICATION

NODE CLOCK: 1790324343
CHALLENGE: 1790324360

RESULT: ACCEPTED


AUTHENTICATION TOKENS ARE GENERATED DYNAMICALLY
BY THE NEON//WIRE SECURITY SUBSYSTEM.

SECURITY EVENTS ARE RETAINED FOR OPERATIONAL
TROUBLESHOOTING AND AUDITING.