NEON//WIRE SESSION AUDIT
========================

IDENTITY SERVICE: NWS-SESSION/2.1
NODE: NW-042


[2026-09-24 08:14:22]

IDENTITY: archive_ops
CLEARANCE: OPERATIONS
SESSION STATUS: EXPIRED

SESSION CREDENTIAL:
NETOPS-1790237662-1


[2026-09-24 09:31:07]

IDENTITY: root_ops
CLEARANCE: EXECUTIVE
SESSION STATUS: ACTIVE

SESSION CREDENTIAL:
NETOPS-1790242267-2


[2026-09-24 10:42:51]

IDENTITY: archive_ops
CLEARANCE: OPERATIONS
SESSION STATUS: EXPIRED

SESSION CREDENTIAL:
NETOPS-1790246571-3


[2026-09-24 11:16:34]

IDENTITY: root_ops
CLEARANCE: EXECUTIVE
SESSION STATUS: EXPIRED

SESSION CREDENTIAL:
NETOPS-1790248594-4


NOTICE:

Session credentials are generated when an authenticated
identity establishes a session.

Historical credentials are retained for auditing purposes.